exports[`Core Styles Initial Styles match 1`] = `
"
.rp_View
{
-webkit-flex-shrink:0px;
-ms-flex-negative:0px;
-moz-box-sizing:border-box;
-webkit-flex-basis:auto;
-webkit-flex-direction:column;
-ms-flex-direction:column;
-webkit-align-items:stretch;
-ms-flex-align:stretch;
-webkit-box-align:stretch;
-ms-preferred-size:auto;
-webkit-box-orient:vertical;
-webkit-box-direction:normal;
color:inherit;
display:-webkit-box;
display:-moz-box;
display:-ms-flexbox;
display:-webkit-flex;
display:flex;
flex-basis:auto;
flex-direction:column;
flex-shrink:0;
font:inherit;
list-style:none;
margin-top:0px;
margin-right:0px;
margin-bottom:0px;
align-items:stretch;
min-height:0px;
min-width:0px;
padding-top:0px;
padding-right:0px;
padding-bottom:0px;
padding-left:0px;
position:relative;
text-align:inherit;
text-decoration:none;
-js-display:flex;
background-color:transparent;
border-top-style:solid;
border-right-style:solid;
border-bottom-style:solid;
border-left-style:solid;
border-top-width:0px;
border-right-width:0px;
border-bottom-width:0px;
border-left-width:0px;
box-sizing:border-box;
margin-left:0px;
}
.rp_ViewReset
{
-webkit-flex-shrink:0px;
-ms-flex-negative:0px;
flex-shrink:0;
}
.rp_Text
{
padding-top:0px;
color:inherit;
font:inherit;
margin-top:0px;
margin-right:0px;
margin-bottom:0px;
margin-left:0px;
display:inline;
padding-right:0px;
padding-bottom:0px;
padding-left:0px;
text-decoration:none;
white-space:pre-wrap;
word-wrap:break-word;
}
.rp_Image
{
border-top-width:0px;
border-right-width:0px;
border-bottom-width:0px;
border-left-width:0px;
height:auto;
max-height:100%;
max-width:100%;
opacity:0;
}
"
`;
