exports[`StyleSheet (Rendered CSS) pseudo styles allows for pseudo-styles 1`] = `
"
.r1epyumm:hover
{
width:20px;
}
.rq59zk7
{
width:30px;
}
"
`;

exports[`StyleSheet .resolve(style) positional classes does not flush styles before they are used 1`] = `
"
"
`;

exports[`StyleSheet .resolve(style) positional classes flushes styles when they are used 1`] = `
"
.rnuu8u2
{
width:1px;
}
"
`;

exports[`StyleSheet .resolve(style) positional classes uses compound selectors when styles are applied at a certain index 1`] = `
"
.rnuu8u2,
.rnuu8u21.rnuu8u21
{
width:1px;
}
"
`;
